# serializer version: 1
# name: test_get_keys_succeeds
  '''
  Key                Value
  -----------------  ------------------------------------------------------------------
  locale             fr_FR
  gigya-root-url     https://accounts.eu1.gigya.com
  gigya-api-key      3_VgdkgtIRH3AdHvJm-cjV2ug2EFE0lxt0IJzMC4MFqZjFpn_GYFXVdNZ19L7wZX0N
  kamereon-root-url  https://api-wired-prod-1-euw1.wrd-aws.com
  kamereon-api-key   YjkKtHmGfaceeuExUDKGxrLZGGvtVS0J
  
  '''
# ---
